exports[`App runs the App 1`] = `
<div>
  <h1>
    Image Gallery
  </h1>
  <FormContainer
    addImage={[Function]} />
  <DisplaySelector
    setDisplay={[Function]} />
  <ListDisplay
    deleteImage={[Function]}
    images={
      Array [
        Object {
          "description": "Isn\'t it fuzzy-wuzzy cutest thing you\'ve ever seen?",
          "id": "id1",
          "title": "Cute Bunny",
          "url": "http://f.cl.ly/items/3g3J1G0w122M360w380O/3726490195_f7cc75d377_o.jpg",
        },
        Object {
          "description": "Sloths just love to hang out.",
          "id": "id2",
          "title": "Upside Down Sloth",
          "url": "http://kids.nationalgeographic.com/content/dam/kids/photos/animals/Mammals/Q-Z/sloth-beach-upside-down.jpg.adapt.945.1.jpg",
        },
        Object {
          "description": "When a panda waves, you wave back!",
          "id": "id3",
          "title": "Waving Panda",
          "url": "http://media4.s-nbcnews.com/j/newscms/2016_36/1685951/ss-160826-twip-05_8cf6d4cb83758449fd400c7c3d71aa1f.nbcnews-ux-2880-1000.jpg",
        },
      ]
    } />
</div>
`;
