exports[`DetailDisplay component:  renders the DetailDisplay component 1`] = `
<div
  className="image-divs">
  <p>
     Title: 
    _Title
     
  </p>
  <p>
     Description: 
    _description
     
  </p>
  <a
    href="_url">
     Image Link 
  </a>
  <button
    className="kill-button"
    onClick={[Function]}>
    Delete
  </button>
</div>
`;
