exports[`AddResource adds a resource 1`] = `
<div>
  <form
    onSubmit={[Function]}>
    <input
      placeholder="title"
      required={true} />
    <input
      placeholder="url"
      required={true} />
    <input
      placeholder="description"
      required={true} />
    <button>
      add
    </button>
  </form>
</div>
`;
