exports[`FormContainer runs the FormContainer 1`] = `
<form
  onSubmit={[Function]}>
  <h4>
    Add a new image
  </h4>
  <input
    defaultValue=""
    name="title"
    onChange={[Function]}
    placeholder="Enter title"
    type="text" />
  <input
    defaultValue=""
    name="description"
    onChange={[Function]}
    placeholder="Enter description"
    type="text" />
  <input
    defaultValue=""
    name="url"
    onChange={[Function]}
    placeholder="Enter url"
    type="text" />
  <button
    type="text">
    Submit
  </button>
</form>
`;
