exports[`GalleryDisplay component:  renders the GalleryDisplay component 1`] = `
<div
  className="image-divs">
  <p>
     Title: 
    _title
     
  </p>
  <p>
     Description: 
    _description
     
  </p>
  <a
    href="_url">
    <img
      alt="cute bunny"
      className="gallery"
      src="_url" />
  </a>
  <button
    className="kill-button"
    onClick={[Function]}>
    Delete
  </button>
</div>
`;
