exports[`ImageSelectorBar component:  renders the ImageSelectorBar component 1`] = `
<div>
  <button
    onClick={[Function]}>
     List View 
  </button>
  <button
    onClick={[Function]}>
     Thumbnail View 
  </button>
  <button
    onClick={[Function]}>
     Gallery View 
  </button>
</div>
`;
